// Jest Snapshot v1, https://goo.gl/fbAQLP

exports[`EmailDetail should match snapshot 1`] = `
<div>
  <div class="elevation-1 v-card v-sheet theme--light">
    <div class="v-card__title"></div>
    <div class="v-card__text text--primary">
      <div>Sent: </div>
      <div>From: ()</div>
      <div>To: </div>
      <div>CC: </div>
      <p></p> <span></span>
    </div>
    <div class="v-card__actions"><button type="button" class="v-btn v-btn--flat v-btn--text theme--light v-size--default"><span class="v-btn__content">
        Back to list
      </span></button>
      <div class="spacer"></div> <button type="button" disabled="disabled" class="v-btn v-btn--disabled v-btn--flat v-btn--icon v-btn--round theme--light v-size--default"><span class="v-btn__content"><i aria-hidden="true" class="v-icon notranslate mdi mdi-arrow-left-bold theme--light"></i></span></button> <button type="button" class="v-btn v-btn--flat v-btn--icon v-btn--round theme--light v-size--default"><span class="v-btn__content"><i aria-hidden="true" class="v-icon notranslate mdi mdi-arrow-right-bold theme--light"></i></span></button>
    </div>
  </div>
</div>
`;
